=== BDD-1: inline comment stripped to pure command ===
--- input block ---
gate_commands:
  P3: "python3 -m pytest agate/tests/ -q # inline comment here"
--- parser run ---
parser exit=0
--- parser stdout ---
{"commands": [{"cmd": "python3 -m pytest agate/tests/ -q", "formatter": "", "suffix": ""}], "project_module": ""}
--- parser stderr ---
RECONCILE SUMMARY: 0 mismatches across 0 fields
--- extracted cmd ---
'python3 -m pytest agate/tests/ -q'
--- bash -c execution of extracted cmd (syntax check only via bash -n style + real run guard) ---
CMD=[python3 -m pytest agate/tests/ -q]
OK: no comment residue
OK: no residue word
bash -c exit=0 (expect != 2)
--- bash stdout (head) ---
agate/tests/integration/test_commit_msg_self_gate_integration.py: 6
agate/tests/integration/test_consistency.py: 11
agate/tests/integration/test_dispatch_context_card.py: 8
agate/tests/integration/test_pre_commit_hook.py: 55
agate/tests/integration/test_pre_push_hook.py: 4
--- bash stderr ---
OK: no unterminated quote
EXIT_CODE: 0
