# TAG0006 P6 文档条文 grep 证据（验收方式①：协议文档/角色文件含该行为要求）
==============================================
## BDD-1 分类框架+形态适配
-- analyst.md 渲染形态声明/分类框架:
3
3
-- P1 卡片 分类框架:
4
## BDD-2 可量化判据/不绑定
8
## BDD-3 vision 三态
8
2
## BDD-4 UI 设计节
9
## BDD-5 architect 兼任
1
## BDD-6 plan-design-review 维度
4
## BDD-7 Windows GUI 评估(保持现状/无实测)
16
## BDD-8 影响面核对清单
4
## BDD-9 双证据/三态分档
23
## BDD-10 真实视觉分析
3
5
## BDD-11 supplementable 注入
2
## BDD-12 能力自查
4
## BDD-13 输入态人工复核
9
4
## BDD-14 雷同降级
3
## BDD-16 渲染组件/交互形态维度
7
5
## BDD-17 证据形式按形态
13
8
==============================================
EXIT_CODE: 0
