=== agate/assets/templates/skeleton-template.md ===
# 骨架声明模板（`P2-skeleton.md`）

> 用途：0→1 新项目（`project_phase: bootstrap`）时，P2 architect 在 task 目录下产出的骨架声明。
> 本模板不绑定任何具体语言/框架（ADR-003「最小约定——不绑定技术栈」），以**候选目录集合**的
> 抽象类别标签表达通用结构，具体目录名由项目侧按自身技术栈在下方填空区声明。

## 骨架声明

请在下方声明本项目技术栈，并从候选目录集合中选择/命名对应目录。**候选目录集合**只给出五类
抽象类别标签，不预设具体语言/框架的目录命名惯例——落地到哪个实际目录名，由项目侧根据自身
技术栈自行决定。

### 项目侧技术栈声明（填空区）

- 技术栈：`<填写：语言 / 框架 / 运行时，例如"项目自身声明的技术栈组合">`
- 构建工具：`<填写：项目侧声明的构建/打包工具>`
- 备注：`<填写：与本项目技术栈相关的特殊约定，若无可留空>`

### 候选目录集合（五类抽象类别标签）

| 类别标签 | 用途 | 本项目落地目录（项目侧按技术栈声明填写） |
|---------|------|----------------------------------------|
| 源码类候选目录 | 存放项目主体实现代码 | `<按本项目技术栈声明填写实际目录名>` |
| 测试类候选目录 | 存放自动化测试代码 | `<按本项目技术栈声明填写实际目录名>` |
| 文档类候选目录 | 存放项目文档 | `<按本项目技术栈声明填写实际目录名>` |
| 构建类候选目录 | 存放构建产物/构建脚本 | `<按本项目技术栈声明填写实际目录名>` |
| 部署类候选目录 | 存放部署配置/脚本 | `<按本项目技术栈声明填写实际目录名>` |

> 上表每一行是一个**候选目录**类别，不是强制目录名——项目侧未使用某一类别（如无独立部署类
> 候选目录）时，可在落地列显式声明"不适用"，不必强行编造目录。

### 使用说明

1. 先填写「项目侧技术栈声明」，确定本项目实际使用的语言/框架/构建工具。
2. 再对照「候选目录集合」表格，逐类别填写本项目按该技术栈实际使用的目录名。
3. 骨架声明完成后，P4 implementer 在「新增文件核对表」中按此处声明的候选目录归类新增文件
   （`within <dir>` / `[SKELETON_DEVIATION: 理由]`）。
EXIT_CODE: 0
