## BDD-12 反例 (S-3 渲染一致: phases.yaml P2 outputs 篡改加入 P2-fake-output.md)
命令: check-structure-consistency.py AGATE_ROOT=dist/p6-drift-s3
输出:
S1-phases: OK
S2-workflow: OK
S3-cards: ERROR phase P2 产出 P2-fake-output.md 未出现在 P2-design.md（S-3 YAML→cards 渲染一致）
S4-scripts: OK
S5-schema: OK
S6-references: OK
S0-numbers: OK
EXIT_CODE: 1
## BDD-12 正向 (S-3 渲染一致: 真实树无篡改)
命令: check-structure-consistency.py AGATE_ROOT=worktree/agate
输出:
S1-phases: OK
S2-workflow: OK
S3-cards: OK
S4-scripts: OK
S5-schema: OK
S6-references: OK
S0-numbers: OK
EXIT_CODE: 0
